declare namespace Spatie.LaravelTypeScriptTransformer.Tests.Fixtures.Enums {
export type PersonType = 'actor' | 'director' | 'both';
}
declare namespace Spatie.LaravelTypeScriptTransformer.Tests.Fixtures.Models {
export type Award =  {

    awardable: any;
};
export type Casting =  {

    movie: Movie;
    person: Person;
};
export type Movie =  {

    director: Person;
    cast: Person & { pivot: Casting };
    awards: any[];
};
export type Person =  {

    movies: Movie & { casting: Casting };
    directedMovies: Movie[];
    mentor: Person;
    apprentices: Person[];
    awards: any[];
};
}
