 {
    id: number;
    name: string;
    category: string;
    year: number;
    awardable_type: string;
    awardable_id: number;
    created_at: string | null;
    updated_at: string | null;
    awardable: any;
}